{
  "character": {
    "id": "test_char",
    "name": "Alice",
    "role": "protagonist",
    "backstory": {"origin": "Small town", "career": "Scholar"},
    "traits": ["brave", "curious"],
    "values": ["honor", "justice"],
    "fears": ["failure", "loss"],
    "desires": ["freedom", "truth"],
    "emotional_state": {"anger": 0.1, "doubt": 0.2, "fear": 0.3, "compassion": 0.6, "confidence": 0.7},
    "memory": {"recent_events": ["Met a stranger", "Found a clue"]},
    "current_goal": "Find the truth",
    "location": "Forum"
  },
  "situation": "A crowd is restless and watching.",
  "emphasis": "neutral",
  "context": "The governor has to decide quickly."
}

