This brief summarizes current world facts, relationships, and relevant availability.
    Use it as authoritative continuity context.

    Facts

    Relationships

    Availability

    Locations

    Timeline

    Props

    Use this brief to avoid continuity errors.